    0 MC 0000
    4 MR 0000 02
    4 MC 0010
    7 MW 0010 56
5600 0010 0000 0000 0000 0000 0000 0000 0000 0000 0000 0001
00 01 0 0 0 0 7
0010 56 -1
